[shii.org/knows/Everything_Shii_Knows.html]
[backblue.gif]
[fade.gif]
[index.html]
[shii.org/mediawiki/skins/common/wikibits69ad.js]
[shii.org/mediawiki/skins/common/images/wiki.png]
[shii.org/knows/File_Tutnum6.html]
[shii.org/knows/Personal_wiki.html]
[shii.org/knows/Category_Diversions.html]
[shii.org/knows/Category_Featured_articles.html]
[shii.org/knows/Category_Articles_that_are_better_than_Wikipedia.html]
[shii.org/knows/Closing.html]
[shii.org/knows/A_Better_Way_to_Live.html]
[shii.org/knows/Some_Notes_About_This_Website.html]
[shii.org/knows/Category_Commonplace.html]
[shii.org/mediawiki/images/6/6c/Commonplace.png]
[shii.org/knows/Category_Places.html]
[shii.org/mediawiki/images/0/0c/House.png]
[shii.org/knows/Category_Philosophy.html]
[shii.org/mediawiki/images/9/9f/Thought_bubble.gif]
[shii.org/knows/Category_Politics.html]
[shii.org/mediawiki/images/7/76/Flag.png]
[shii.org/knows/Category_Art.html]
[shii.org/knows/Category_Internet.html]
[shii.org/mediawiki/images/c/c2/Tubes.png]
[shii.org/knows/Category_Hobbies.html]
[shii.org/mediawiki/images/4/45/Goban.png]
[shii.org/knows/Category_Religion.html]
[shii.org/mediawiki/images/b/b0/Religion.png]
[shii.org/knows/Category_History.html]
[shii.org/mediawiki/images/4/40/Signingdecl.jpg]
[shii.org/knows/Category_People.html]
[shii.org/mediawiki/images/f/f9/Malcolm.jpg]
[shii.org/knows/Category_Society.html]
[shii.org/mediawiki/images/8/8a/NewYorkSocietyForTheSuppressionOfVice.jpg]
[shii.org/knows/Category_Snoops.html]
[shii.org/mediawiki/images/7/7d/Snoops.png]
[shii.org/knows/But_enough_about_me...html]
[shii.org/knows/Links.html]
[shii.org/knows/Special_RecentChanges.html]
[shii.org/knows/Special_Search.html]
[shii.org/knows/Headquarters.html]
[shii.org/knows/Everything_Shii_Knows.html]
[shii.org/mediawiki/skins/common/wikiprintable69ad.css]
[shii.org/knows/Special_WhatLinksHere/Everything_Shii_Knows.html]
[shii.org/mediawiki/skins/common/images/feed-icon.png]
[shii.org/mediawiki/skins/common/shared69ad.css]
[shii.org/mediawiki/skins/common/oldshared69ad.css]
[shii.org/mediawiki/skins/common/nostalgia69ad.css]
[shii.org/mediawiki/skins/common/ajax69ad.js]
[shii.org/knows/Tutnum6.31.delayed]
[shii.org/mediawiki/images/thumb/1/19/Tutnum6.jpg/84px-Tutnum6.jpg]
[shii.org/knows/User_Shii.html]
[shii.org/knows/Special_Contributions/Shii.html]
[shii.org/knows/File_Tutnum6.html]
[shii.org/knows/Special_WhatLinksHere/File_Tutnum6.html]
[shii.org/mediawiki/images/1/19/Tutnum6.jpg]
[shii.org/knows/Special_Categories.html]
[shii.org/knows/Shii's_Solution_to_the_Problem_of_Wikipedia.html]
[shii.org/knows/How_to_make_a_personal_wiki.html]
[shii.org/knows/Personal_wiki.html]
[shii.org/knows/Special_WhatLinksHere/Personal_wiki.html]
[shii.org/knows/Everything_Shii_Knows_Abouthtml.html]
[shii.org/knows/Bear_Hello.html]
[shii.org/knows/IRC_quotes.html]
[shii.org/knows/Jesus_Christ.html]
[shii.org/knows/Master_Wan_Ko_Yee.html]
[shii.org/knows/Pirate_philosophy.html]
[shii.org/knows/September_11_esoteric_music_conspiracy.html]
[shii.org/knows/Top-level_domain.html]
[shii.org/knows/What_to_watch.html]
[shii.org/knows/Category_Diversions.html]
[shii.org/knows/Special_WhatLinksHere/Category_Diversions.html]
[shii.org/knows/Category_Essays_I_spent_a_while_on.html]
[shii.org/knows/2012.html]
[shii.org/knows/Alternative_medallion_currencies.html]
[shii.org/knows/Creation_myth.html]
[shii.org/knows/Dalai_Lama.html]
[shii.org/knows/List_of_artifacts_from_before_3000_BCE.html]
[shii.org/knows/Mayan_astronomy.html]
[shii.org/knows/Time.html]
[shii.org/knows/Wabi-sabi.html]
[shii.org/knows/Category_Featured_articles.html]
[shii.org/knows/Special_WhatLinksHere/Category_Featured_articles.html]
[shii.org/knows/Category_I_shit_you_not.html]
[shii.org/knows/1.800.html]
[shii.org/knows/Art.html]
[shii.org/knows/Bear_worship.html]
[shii.org/knows/Chronicle_of_Current_Events.html]
[shii.org/knows/List_of_historically_important_Web_videos.html]
[shii.org/knows/List_of_people_with_a_Brilliant_Idea.html]
[shii.org/knows/MPC.html]
[shii.org/knows/NAFTA.html]
[shii.org/knows/Seung-Hui_Cho.html]
[shii.org/knows/Wikipedia.html]
[shii.org/knows/Category_Articles_that_are_better_than_Wikipedia.html]
[shii.org/knows/Special_WhatLinksHere/Category_Articles_that_are_better_than_Wikipedia.html]
[shii.org/knows/World2ch.html]
[shii.org/knows/4chan.html]
[shii.org/knows/Closing.html]
[shii.org/knows/Special_WhatLinksHere/Closing.html]
[shii.org/knows/A_Better_Way_to_Live.html]
[shii.org/knows/Special_WhatLinksHere/A_Better_Way_to_Live.html]
[shii.org/knows/Some_Notes_About_This_Website.html]
[shii.org/knows/Special_WhatLinksHere/Some_Notes_About_This_Website.html]
[shii.org/knows/American_Intellectual_Declaration_of_Independence.html]
[shii.org/knows/Ayn_Rand.html]
[shii.org/knows/Bokononism.html]
[shii.org/knows/Book_titles.html]
[shii.org/knows/Case_law.html]
[shii.org/knows/Clement.html]
[shii.org/knows/Common_sense.html]
[shii.org/knows/Commonplace.html]
[shii.org/knows/Commonwealth_v.html]
[shii.org/knows/Cynicism.html]
[shii.org/knows/Dubai.html]
[shii.org/knows/FOX_News.html]
[shii.org/knows/Family_Guy.html]
[shii.org/knows/God.html]
[shii.org/knows/Good_Samaritan_experiment.html]
[shii.org/knows/Gooncave.html]
[shii.org/knows/Haklenayasha.html]
[shii.org/knows/International_Exposition_of_Hot_Spring_and_Sight_Seeing.html]
[shii.org/knows/Ishiwara_Kanji.html]
[shii.org/knows/Korean_shamanism.html]
[shii.org/knows/Kowloon_Walled_City.html]
[shii.org/knows/Kurt_Vonnegut.html]
[shii.org/knows/Language.html]
[shii.org/knows/Lottery.html]
[shii.org/knows/Mecca.html]
[shii.org/knows/Michael_Crichton.html]
[shii.org/knows/Missionaries.html]
[shii.org/knows/Paul_Cellucci.html]
[shii.org/knows/Purity.html]
[shii.org/knows/Qur'an.html]
[shii.org/knows/Rainer_Maria_Rilke.html]
[shii.org/knows/Scientology.html]
[shii.org/knows/Shave_and_a_haircut.html]
[shii.org/knows/Shinto.html]
[shii.org/knows/Silence.html]
[shii.org/knows/Snobbery.html]
[shii.org/knows/Soapmaking.html]
[shii.org/knows/Talmud.html]
[shii.org/knows/The_Prison_of_Freedom.html]
[shii.org/knows/Tolerance.html]
[shii.org/knows/Touhou.html]
[shii.org/knows/Voices.html]
[shii.org/knows/Walking.html]
[shii.org/knows/Westron_Wynde.html]
[shii.org/knows/Category_Commonplace.html]
[shii.org/knows/Category_Places.html]
[shii.org/knows/Category_Philosophy.html]
[shii.org/knows/Category_Politics.html]
[shii.org/knows/Category_Art.html]
[shii.org/knows/Category_Internet.html]
[shii.org/knows/Category_Hobbies.html]
[shii.org/knows/Category_Religion.html]
[shii.org/knows/Category_History.html]
[shii.org/knows/Category_People.html]
[shii.org/knows/Category_Society.html]
[shii.org/knows/Category_Snoops.html]
[shii.org/knows/But_enough_about_me...html]
[shii.org/knows/Links.html]
[shii.org/knows/Special_RecentChanges.html]
[shii.org/knows/Special_Search.html]
[shii.org/knows/Headquarters.html]
[shii.org/knows/Special_WhatLinksHere/Everything_Shii_Knows.html]
[shii.org/knows/Tutnum6.html]
[shii.org/knows/User_Shii.html]
[shii.org/knows/Special_Contributions/Shii.html]
[shii.org/knows/Special_WhatLinksHere/File_Tutnum6.html]
[shii.org/knows/Special_Categories.html]
[shii.org/knows/Shii's_Solution_to_the_Problem_of_Wikipedia.html]
[shii.org/knows/How_to_make_a_personal_wiki.html]
[shii.org/knows/Special_WhatLinksHere/Personal_wiki.html]
[shii.org/knows/Everything_Shii_Knows_Abouthtml.html]
[shii.org/knows/Bear_Hello.html]
[shii.org/knows/IRC_quotes.html]
[shii.org/knows/Jesus_Christ.html]
[shii.org/knows/Master_Wan_Ko_Yee.html]
[shii.org/knows/Pirate_philosophy.html]
[shii.org/knows/September_11_esoteric_music_conspiracy.html]
[shii.org/knows/Top-level_domain.html]
[shii.org/knows/What_to_watch.html]
[shii.org/knows/Special_WhatLinksHere/Category_Diversions.html]
[shii.org/knows/Category_Essays_I_spent_a_while_on.html]
[shii.org/knows/2012.html]
[shii.org/knows/Alternative_medallion_currencies.html]
[shii.org/knows/Creation_myth.html]
[shii.org/knows/Dalai_Lama.html]
[shii.org/knows/List_of_artifacts_from_before_3000_BCE.html]
[shii.org/knows/Mayan_astronomy.html]
[shii.org/knows/Time.html]
[shii.org/knows/Wabi-sabi.html]
[shii.org/knows/Special_WhatLinksHere/Category_Featured_articles.html]
[shii.org/knows/Category_I_shit_you_not.html]
[shii.org/knows/1.800.html]
[shii.org/knows/Art.html]
[shii.org/knows/Bear_worship.html]
[shii.org/knows/Chronicle_of_Current_Events.html]
[shii.org/knows/List_of_historically_important_Web_videos.html]
[shii.org/knows/List_of_people_with_a_Brilliant_Idea.html]
[shii.org/knows/MPC.html]
[shii.org/knows/NAFTA.html]
[shii.org/knows/Seung-Hui_Cho.html]
[shii.org/knows/Wikipedia.html]
[shii.org/knows/Special_WhatLinksHere/Category_Articles_that_are_better_than_Wikipedia.html]
[shii.org/knows/World2ch.html]
[shii.org/knows/4chan.html]
[shii.org/knows/Special_WhatLinksHere/Closing.html]
[shii.org/knows/Special_WhatLinksHere/A_Better_Way_to_Live.html]
[shii.org/knows/Special_WhatLinksHere/Some_Notes_About_This_Website.html]
[shii.org/knows/American_Intellectual_Declaration_of_Independence.html]
[shii.org/knows/Ayn_Rand.html]
[shii.org/knows/Bokononism.html]
[shii.org/knows/Book_titles.html]
[shii.org/knows/Case_law.html]
[shii.org/knows/Clement.html]
[shii.org/knows/Common_sense.html]
[shii.org/knows/Commonplace.html]
[shii.org/knows/Commonwealth_v.html]
[shii.org/knows/Cynicism.html]
[shii.org/knows/Dubai.html]
[shii.org/knows/FOX_News.html]
[shii.org/knows/Family_Guy.html]
[shii.org/knows/God.html]
[shii.org/knows/Good_Samaritan_experiment.html]
[shii.org/knows/Gooncave.html]
[shii.org/knows/Haklenayasha.html]
[shii.org/knows/International_Exposition_of_Hot_Spring_and_Sight_Seeing.html]
[shii.org/knows/Ishiwara_Kanji.html]
[shii.org/knows/Korean_shamanism.html]
[shii.org/knows/Kowloon_Walled_City.html]
[shii.org/knows/Kurt_Vonnegut.html]
[shii.org/knows/Language.html]
[shii.org/knows/Lottery.html]
[shii.org/knows/Mecca.html]
[shii.org/knows/Michael_Crichton.html]
[shii.org/knows/Missionaries.html]
[shii.org/knows/Paul_Cellucci.html]
[shii.org/knows/Purity.html]
[shii.org/knows/Qur'an.html]
[shii.org/knows/Rainer_Maria_Rilke.html]
[shii.org/knows/Scientology.html]
[shii.org/knows/Shave_and_a_haircut.html]
[shii.org/knows/Shinto.html]
[shii.org/knows/Silence.html]
[shii.org/knows/Snobbery.html]
[shii.org/knows/Soapmaking.html]
[shii.org/knows/Talmud.html]
[shii.org/knows/The_Prison_of_Freedom.html]
[shii.org/knows/Tolerance.html]
[shii.org/knows/Touhou.html]
[shii.org/knows/Voices.html]
[shii.org/knows/Walking.html]
[shii.org/knows/Westron_Wynde.html]
[shii.org/knows/Yukio_Mishima.html]
[shii.org/knows/Yukio_Mishima.html]
